// Jest Snapshot v1, https://goo.gl/fbAQLP

exports[`Todo/Item.vue matches snapshot 1`] = `
<div class="item">
    <!---->
    <p class="item-title">Teste 1</p>
    <div>
        <svg version="1.1" xmlns="http://www.w3.org/2000/svg" xmlns:xlink="http://www.w3.org/1999/xlink" x="0px" y="0px" viewBox="0 0 507.867 507.867" xml:space="preserve" class="item-trash" style="enable-background:new 0 0 507.867 507.867;">
            <g transform="matrix(0.7071 -0.7071 0.7071 0.7071 -13.255 32)">
                <rect x="-15.994" y="34.743" width="95.992" height="622.24"></rect>
                <rect x="-279.122" y="297.871" width="622.24" height="95.992"></rect>
            </g>
        </svg>
    </div>
</div>
`;
